// Jest Snapshot v1, https://jestjs.io/docs/snapshot-testing

exports[`ButtonGroup renders correctly 1`] = `
<div>
  <div
    class="sc-hvigdm iyEAYx"
  >
    <h1
      class="sc-fhHczv gSLrZT"
    />
    <div
      class="sc-dTvVRJ leEMxI"
    >
      <div
        class="sc-jwTyAe fHkBlg"
      />
    </div>
    <div
      class="sc-hwkwBN HqMcb"
    >
      <p>
        Weiss: 0
      </p>
      <p>
        Schwarz: 0
      </p>
    </div>
  </div>
</div>
`;
