// Jest Snapshot v1, https://jestjs.io/docs/snapshot-testing

exports[`ButtonGroup renders correctly 1`] = `
<div>
  <div
    class="sc-hLQRIK hKBRDD"
  >
    <h1
      class="sc-eDLJxb czALAh"
    />
    <div
      class="sc-gLLvbB gnnhqv"
    >
      <div
        class="sc-iBdmCa hqOTie"
      />
    </div>
    <div
      class="sc-kFCscd bdTKOr"
    >
      <p>
        Weiss (Gefangen): 0
      </p>
      <p>
        Schwarz (Gefangen): 0
      </p>
    </div>
  </div>
</div>
`;
